/Users/vojtechhamada/PycharmProjects/Hledac/hledac/universal/core/mlx_embeddings.py:39: UserWarning: mlx-embeddings not available. Install: pip install mlx-embeddings
  from mlx_embeddings import load as mlx_embeddings_load
/Users/vojtechhamada/PycharmProjects/Hledac/hledac/universal/core/__init__.py:55: UserWarning: mlx-embeddings not available. Install: pip install mlx-embeddings
  from .mlx_embeddings import (
WARNING:hledac.universal.intelligence.document_intelligence:PIL not available - image analysis disabled
/Users/vojtechhamada/PycharmProjects/Hledac/hledac/universal/tools/lightpanda_manager.py:26: UserWarning: [GHOST OPSEC] No active ramdisk found at /Volumes/ghost_tmp and GHOST_RAMDISK is unset. Runtime artifacts will be written to SSD fallback location. Set GHOST_RAMDISK env var or mount /Volumes/ghost_tmp to avoid OPSEC degradation.
  from hledac.universal.paths import DB_ROOT
[transformers] PyTorch was not found. Models won't be available and only tokenizers, configuration and file/data utilities can be used.
WARNING:transformers:PyTorch was not found. Models won't be available and only tokenizers, configuration and file/data utilities can be used.
INFO:root:[SIGNAL] SIGINT/SIGTERM handlers installed
INFO:__main__:[GC] gc.freeze() applied — reduces GC pause variance
INFO:hledac.universal.utils.mlx_cache:[Sprint 8T] Metal limits configured: cache=2560 MiB, wired=2560 MiB
INFO:hledac.universal.utils.mlx_cache:MLX buffers initialized: cache=2560 MiB, wired=2560 MiB, configured=True, error=None
INFO:__main__:[BOOT] MLX buffers: cache=2560MiB wired=2560MiB configured=True
WARNING:__main__:[BOOT] SWAP 6.2GB > 2GB — doporučuji restart před long run
INFO:__main__:[BOOT] Pre-sprint checks OK | UMA: 6.76GiB used | swap: 6.22GiB
INFO:hledac.universal.patterns.pattern_matcher:[PATTERNS] configured 134 bootstrap patterns
INFO:hledac.universal.tools.lmdb_kv:LMDB KV store initialized at /Users/vojtechhamada/PycharmProjects/Hledac/hledac/universal/runtime/cti/db/shadow_wal.lmdb
INFO:hledac.universal.tools.lmdb_kv:LMDB KV store initialized at /Users/vojtechhamada/PycharmProjects/Hledac/hledac/universal/runtime/cti/db/lmdb/dedup.lmdb
INFO:hledac.universal.layers.stealth_layer:StealthLayer initialized
INFO:hledac.universal.layers.ghost_layer:GhostLayer initialized (GhostDirector: lazy)
INFO:hledac.sprint:[F228F] Health check: duckdb=OK hermes=FAIL fetch=NA graph=OK overall=DEGRADED (advisory-degraded, non-blocking: ['hermes not loaded', 'public_fetcher sessions not available'])
WARNING:__main__:[F228F] health_check warnings: duckdb=OK hermes=FAIL fetch=NA graph=OK overall=DEGRADED
INFO:hledac.universal.metrics_registry:MetricsRegistry initialized: run_id=default
INFO:hledac.universal.intelligence.relationship_discovery:RelationshipDiscoveryEngine initialized (sparse=True, mlx=True)
INFO:hledac.universal.intelligence.relationship_discovery:[RelDiscovery] Graph loaded: 0 nodes, 0 edges
INFO:hledac.universal.runtime.sprint_scheduler:Dedup LMDB loaded: 0 existing hashes
INFO:hledac.universal.runtime.sprint_scheduler:[MEM] fetch_limit=2 ml_jobs=0
WARNING:hledac.universal.runtime.sprint_scheduler:[sprint] first cycle raised: NameError: name '_seed_ctx' is not defined
INFO:hledac.universal.utils.concurrency:[FETCH_WORKERS] Adjusted fetch 0→3, clearnet 0→3
INFO:hledac.universal.runtime.sidecar_orchestrator:IPFS sidecar: ENABLED — gateway=https://ipfs.io
INFO:hledac.universal.rl.sprint_policy_manager:[SprintPolicyManager] QMIX components initialized (rl_train_mode=False)
WARNING:hledac.universal.intelligence.ct_log_client:crt.sh phishing infrastructure and credential harvesting domains: 502, message='Bad Gateway', url='https://crt.sh/?q=%25.phishing+infrastructure+and+credential+harvesting+domains&output=json'
INFO:__main__:[TEARDOWN] sprint_delta written: 0 findings, 0 dedup hits, UMA delta: +0.02GiB, top_source: '', findings_per_min: 0.00
WARNING:__main__:[RUNTIME TRUTH] 🚨 SMOKE ONLY | runtime 3s and 1 cycles below minimum | cycles: 1/1 | windup: 3s (budget=420s)
INFO:__main__:[SPRINT DONE] 8sa_1780845056674_cf91b3 | findings: 0 | cycles: 1/1 | duplicates: 0 | phase: ACTIVE
INFO:__main__:[SUMMARY] ⚠️  ABORTED: hard stop, no signal collected | feed=0 public=0(0%) | f/min=0.00 | dup=0.0% | public: disc=0 fetch=0 match=0 stored=0
INFO:__main__:[NEXT] query may be too narrow — broaden terms or switch seed
INFO:__main__:[SOURCES] none
INFO:__main__:[REPORT] /Users/vojtechhamada/.hledac/reports/8sa_1780845056674_cf91b3_report.json
INFO:__main__:[EXPORT] fully_enriched → sprint_id=8sa_1780845056674_cf91b3
INFO:hledac.universal.export.formatters:[EXPORT] JSON report → /Users/vojtechhamada/.hledac/reports/8sa_1780845056674_cf91b3_report.json
INFO:hledac.universal.export.sprint_exporter:[EXPORT] 3 seeds (investigation_packet.planner_actions) → /Users/vojtechhamada/.hledac/reports/8sa_1780845056674_cf91b3_next_seeds.json.zst (zstd sidecar)
INFO:hledac.universal.export.sprint_exporter:[EXPORT] 3 seeds (investigation_packet.planner_actions) (unknown) → /Users/vojtechhamada/.hledac/reports/8sa_1780845056674_cf91b3_next_seeds.json
INFO:__main__:[EXPORT] finish layer → seeds=/Users/vojtechhamada/.hledac/reports/8sa_1780845056674_cf91b3_next_seeds.json
INFO:hledac.universal.tools.lmdb_kv:LMDB KV store closed
INFO:hledac.universal.tools.lmdb_kv:LMDB KV store closed
INFO:hledac.universal.tools.lmdb_kv:LMDB KV store closed
